// Jest Snapshot v1, https://goo.gl/fbAQLP

exports[`renders and test login should be present 1`] = `
<RCTSafeAreaView
  style={
    {
      "flex": 1,
      "justifyContent": "center",
    }
  }
>
  <View
    style={
      {
        "alignItems": "center",
        "gap": 15,
        "justifyContent": "center",
      }
    }
  >
    <TextInput
      id="test-username"
      onChangeText={[Function]}
      placeholder="Username"
      style={
        {
          "borderColor": "#000",
          "borderRadius": 10,
          "borderWidth": 1,
          "height": 40,
          "width": "80%",
        }
      }
      value=""
    />
    <TextInput
      id="test-password"
      onChangeText={[Function]}
      placeholder="Username"
      secureTextEntry={true}
      style={
        {
          "borderColor": "#000",
          "borderRadius": 10,
          "borderWidth": 1,
          "height": 40,
          "width": "80%",
        }
      }
      value=""
    />
    <View
      accessibilityRole="button"
      accessibilityState={
        {
          "busy": undefined,
          "checked": undefined,
          "disabled": true,
          "expanded": undefined,
          "selected": undefined,
        }
      }
      accessibilityValue={
        {
          "max": undefined,
          "min": undefined,
          "now": undefined,
          "text": undefined,
        }
      }
      accessible={true}
      collapsable={false}
      focusable={true}
      onClick={[Function]}
      onResponderGrant={[Function]}
      onResponderMove={[Function]}
      onResponderRelease={[Function]}
      onResponderTerminate={[Function]}
      onResponderTerminationRequest={[Function]}
      onStartShouldSetResponder={[Function]}
      style={
        {
          "opacity": 1,
        }
      }
      testID="test-login"
    >
      <View
        style={
          [
            {},
            {},
          ]
        }
      >
        <Text
          disabled={true}
          style={
            [
              {
                "color": "#007AFF",
                "fontSize": 18,
                "margin": 8,
                "textAlign": "center",
              },
              {
                "color": "#cdcdcd",
              },
            ]
          }
        >
          Login
        </Text>
      </View>
    </View>
  </View>
</RCTSafeAreaView>
`;
